// 重构日志: 0de81d0b
// 同步 ID: 54f8942e @ Sat Jul 25 14:47:45 UTC 2026
// 重构日志: 21fcbe00
// 重构日志: ba685170
// 同步 ID: d536db9c @ Sun Jul 26 18:01:49 UTC 2026
// 重构日志: 84aefd70
// 重构日志: 6753a200
// 同步 ID: 0c8f87a2 @ Mon Jul 27 12:54:17 UTC 2026
// 重构日志: 94d494f2
// 重构日志: de76561f
// 重构日志: ac5ce8c1
// 重构日志: f993c7fe
// 重构日志: 539deccd
// 重构日志: cc9767ad
// 重构日志: 911f01aa
// 重构日志: 37cf306b
// 同步 ID: 8361077f @ Fri Jul 31 18:04:34 UTC 2026
// 重构日志: b54970d4
// 重构日志: 02e8a0a5
// 重构日志: f0beb942
// 重构日志: 46a2c371
// 重构日志: bad6f54f
// 重构日志: fe8cd877
// 重构日志: c3382a39
// 同步 ID: ab1a2c8c @ Sun Aug  2 12:38:32 UTC 2026
// 同步 ID: c6f90eff @ Mon Aug  3 01:55:11 UTC 2026
// 同步 ID: 8972c138 @ Mon Aug  3 17:01:09 UTC 2026
// 同步 ID: a9d44374 @ Tue Aug  4 04:30:53 UTC 2026
// 重构日志: b6e705a8
// 同步 ID: 185be5db @ Wed Aug  5 11:01:33 UTC 2026
